<html>
<body>
<pre>
<h1>µVision Build Log</h1>
<h2>Tool Versions:</h2>
IDE-Version: µVision V5.20.0.0
Copyright (C) 2016 ARM Ltd and ARM Germany GmbH. All rights reserved.
License Information: Kai-Christian Zellemann, Hochschule Ostfalia, LIC=----
 
Tool Versions:
Toolchain:       MDK-Lite  Version: 5.20
Toolchain Path:  C:\Keil_v5\ARM\ARMCC\Bin
C Compiler:      Armcc.exe V5.06 update 2 (build 183)
Assembler:       Armasm.exe V5.06 update 2 (build 183)
Linker/Locator:  ArmLink.exe V5.06 update 2 (build 183)
Library Manager: ArmAr.exe V5.06 update 2 (build 183)
Hex Converter:   FromElf.exe V5.06 update 2 (build 183)
CPU DLL:         SARMCM3.DLL V5.20
Dialog DLL:      DARMP1.DLL V1.26.0.0
Target DLL:      UL2CM3.DLL V1.157.18.0
Dialog DLL:      TARMP1.DLL V1.25.0.0
 
<h2>Project:</h2>
U:\Example_3\Example_3.uvproj
Project File Date:  03/30/2017

<h2>Output:</h2>
*** Using Compiler 'V5.06 update 2 (build 183)', folder: 'C:\Keil_v5\ARM\ARMCC\Bin'
Rebuild target 'Target 1'
assembling startup_LPC17xx.s...
compiling Example3.c...
Example3.c(25): warning:  #223-D: function "ADC_Init" declared implicitly
    ADC_Init();                                                 /* A/D-Converter Initialisation */
Example3.c(42): warning:  #167-D: argument of type "unsigned char *" is incompatible with parameter of type "char *restrict"
          sprintf (str,"Count = %i",i);
Example3.c(45): warning:  #223-D: function "ADC_GetCnv" declared implicitly
          advalue = ADC_GetCnv(ADCValue);
Example3.c(46): warning:  #167-D: argument of type "unsigned char *" is incompatible with parameter of type "char *restrict"
          sprintf (str,"A/D = %4.4i",ADCValue[0]);
Example3.c(49): warning:  #167-D: argument of type "unsigned char *" is incompatible with parameter of type "char *restrict"
                sprintf (str,"A/D = %4.4i",ADCValue[1]);
Example3.c(51): warning:  #167-D: argument of type "unsigned char *" is incompatible with parameter of type "char *restrict"
                sprintf (str,"A/D = %4.4i",ADCValue[2]);
Example3.c(53): warning:  #167-D: argument of type "unsigned char *" is incompatible with parameter of type "char *restrict"
                sprintf (str,"A/D = %4.4i",ADCValue[3]);
Example3.c(55): warning:  #167-D: argument of type "unsigned char *" is incompatible with parameter of type "char *restrict"
                sprintf (str,"A/D = %4.4i",ADCValue[4]); 
Example3.c(17): warning:  #550-D: variable "advalue" was set but never used
    long j=0 , advalue;
Example3.c: 9 warnings, 0 errors
compiling LEDs.c...
compiling system_LPC17xx.c...
compiling GLCD_SPI_LPC1700.c...
compiling ADC.c...
ADC.c(87): warning:  #940-D: missing return statement at end of non-void function "ADC_StartCnv"
  }
ADC.c(83): warning:  #177-D: variable "adwert" was declared but never referenced
        int adwert;
ADC.c: 2 warnings, 0 errors
linking...
Program Size: Code=5416 RO-data=6540 RW-data=12 ZI-data=612  
".\Example_3.axf" - 0 Error(s), 11 Warning(s).
Build Time Elapsed:  00:00:04
</pre>
</body>
</html>
